[www.landpage.co/de1ffc08-cacd-11ea-91bf-8ee514422760.html]
[backblue.gif]
[fade.gif]
[index.html]
[styles.assets-landingi.com/assets/css/2.11-landend-base.css]
[styles.assets-landingi.com/W5vQJovp/base.css]
[scripts.assets-landingi.com/lightboxes/lightbox-render063f.js]
[images.assets-landingi.com/AynMO607aGlQ3dSd/Walmart1_Logo_scaled.jpg]
[images.assets-landingi.com/cjQUusgx8ltD8Nzf/bg_mobile.jpg]
[images.assets-landingi.com/m3UTPrDSdyi1siuP/Capture.png]
[images.assets-landingi.com/fMPy8fNBzpM1GWbm/3.png]
[images.assets-landingi.com/EW5DnwGj1Q5CrYVb/Capturre.png]
[images.assets-landingi.com/Zd6a17eQiCSstrI9/Capturffe.png]
[images.assets-landingi.com/ysoq5hkwrhoitJsi/a.png]
[images.assets-landingi.com/3qFoY2W6gnfNFsHE/Captfgfure.png]
[images.assets-landingi.com/IaIfmVPDqZW5fks4/Captddure.png]
[images.assets-landingi.com/csFqh7Cz690YUM1B/cat.png]
[ajax.googleapis.com/ajax/libs/jquery/1.9.1/jquery.min.js]
[old.assets-landingi.com/bootstrap/js/landend.bootstrap.min.js]
[old.assets-landingi.com/bootstrap/js/bootbox.min.js]
[old.assets-landingi.com/js/landing.js]
[old.assets-landingi.com/assets/js/dist/landend/301019/landend.js]
[old.assets-landingi.com/assets/js/vendor/jquery-form/jquery.form.min.js]
[old.assets-landingi.com/assets/js/landend/190819/landend.js]
[old.assets-landingi.com/assets/js/landend/070619/validation.js]
[www.landpage.co/de1ffc08-cacd-11ea-91bf-8ee514422760.html]
[styles.assets-landingi.com/assets/css/2.11-landend-base.css]
[scripts.assets-landingi.com/video-bg/v0.5/videoBackground.js]
[images.assets-landingi.com/NgX4aIJb/bg_top.jpg]
[styles.assets-landingi.com/W5vQJovp/base.css]
[old.assets-landingi.com/bootstrap/js/landend.bootstrap.min.js]
[old.assets-landingi.com/bootstrap/js/bootbox.min.js]
[old.assets-landingi.com/js/landing.js]
